Validation Commands Run - 2026-06-25

1. Git Status Check
Command: git status
Cwd: /Users/gunnarhostetler/Documents/GitHub/PlaudBlender
Result: Success. Identified modified files: serve.sh, start_chronos.sh.

2. Git Diff Analysis
Command: git diff
Cwd: /Users/gunnarhostetler/Documents/GitHub/PlaudBlender
Result: Success. Verified that the edits match the dynamic QDRANT_REMOTE_URL integration and fixed exit trap / process control lifecycles.

3. Git Branch Listing
Command: git branch -a
Cwd: /Users/gunnarhostetler/Documents/GitHub/PlaudBlender
Result: Success. Identified workspace local and remote branches.

4. Bash Script Syntax Check
Command: bash -n serve.sh start_chronos.sh
Cwd: /Users/gunnarhostetler/Documents/GitHub/PlaudBlender
Result: Success (Exit Code 0). Both serve.sh and start_chronos.sh have valid bash syntax.

5. Test Suite Diagnostics
Command: python3 -u -c '...' (Importing test modules via standard loop)
Cwd: /Users/gunnarhostetler/Documents/GitHub/PlaudBlender
Result: Success. Checked test file imports to diagnose slow test execution under network filesystem environments.

6. Targeted Pytest Run
Command: pytest tests/test_config.py
Cwd: /Users/gunnarhostetler/Documents/GitHub/PlaudBlender
Result: Passed. All 10 configuration tests completed successfully in 0.25 seconds.
